Backed up to dimension_sweep_backup_0521_1537
\n============================================================
DIMENSION SWEEP — spatialGDC
============================================================
\n[0] BASELINE

ERROR (rc={result.returncode}):
Traceback (most recent call last):
  File "/home/bio/lhz/spatialGDC/_tmp_exp_dimension_sweep_baseline.py", line 3, in <module>
    import pandas as pd
ModuleNotFoundError: No module named 'pandas'

\n[1] E1: EMA

ERROR (rc={result.returncode}):
Traceback (most recent call last):
  File "/home/bio/lhz/spatialGDC/_tmp_exp_dimension_sweep_ema.py", line 3, in <module>
    import pandas as pd
ModuleNotFoundError: No module named 'pandas'

\n[2a] E2: Temperature = 0.5

ERROR (rc={result.returncode}):
Traceback (most recent call last):
  File "/home/bio/lhz/spatialGDC/_tmp_exp_dimension_sweep_temp_0_5.py", line 3, in <module>
    import pandas as pd
ModuleNotFoundError: No module named 'pandas'

\n[2b] E2: Temperature = 0.7

ERROR (rc={result.returncode}):
Traceback (most recent call last):
  File "/home/bio/lhz/spatialGDC/_tmp_exp_dimension_sweep_temp_0_7.py", line 3, in <module>
    import pandas as pd
ModuleNotFoundError: No module named 'pandas'

\n[3] E3: Denoising Recon

ERROR (rc={result.returncode}):
Traceback (most recent call last):
  File "/home/bio/lhz/spatialGDC/_tmp_exp_dimension_sweep_denoising.py", line 3, in <module>
    import pandas as pd
ModuleNotFoundError: No module named 'pandas'

\n============================================================
SWEEP COMPLETE — Summary
============================================================
  Baseline: MISSING
  EMA: MISSING
  Temp τ=0.5: MISSING
  Temp τ=0.7: MISSING
  Denoising: MISSING
\nBackups: {BACKUP}
