Backed up to dimension_sweep_backup_0521_1547
\n============================================================
DIMENSION SWEEP — spatialGDC
============================================================
\n[0] BASELINE

{'='*50}
Baseline: {sample}
{'='*50}
--- 正在从 ./dataset/DLPFC/{sample}/ 加载数据 ---

ERROR (rc={result.returncode}):
 in __init__
    fid = make_fid(name, mode, userblock_size, fapl, fcpl, swmr=swmr)
  File "/home/bio/miniconda3/envs/spCLUE/lib/python3.9/site-packages/h5py/_hl/files.py", line 238, in make_fid
    fid = h5f.open(name, flags, fapl=fapl)
  File "h5py/_objects.pyx", line 56, in h5py._objects.with_phil.wrapper
  File "h5py/_objects.pyx", line 57, in h5py._objects.with_phil.wrapper
  File "h5py/h5f.pyx", line 102, in h5py.h5f.open
FileNotFoundError: [Errno 2] Unable to synchronously open file (unable to open file: name = 'dataset/DLPFC/{sample}/filtered_feature_bc_matrix.h5', errno = 2, error message = 'No such file or directory', flags = 0, o_flags = 0)

During handling of the above exception, another exception occurred:

Traceback (most recent call last):
  File "/home/bio/lhz/spatialGDC/_tmp_exp_dimension_sweep_baseline.py", line 82, in <module>
    results.append({{"Sample": sample, "ARI": "Error", "NMI": "Error", "Spots": "N/A", "Clusters": "N/A"}})
TypeError: unhashable type: 'dict'

\n[1] E1: EMA

{'='*50}
EMA: {sample}
{'='*50}
--- 正在从 ./dataset/DLPFC/{sample}/ 加载数据 ---

ERROR (rc={result.returncode}):
 564, in __init__
    fid = make_fid(name, mode, userblock_size, fapl, fcpl, swmr=swmr)
  File "/home/bio/miniconda3/envs/spCLUE/lib/python3.9/site-packages/h5py/_hl/files.py", line 238, in make_fid
    fid = h5f.open(name, flags, fapl=fapl)
  File "h5py/_objects.pyx", line 56, in h5py._objects.with_phil.wrapper
  File "h5py/_objects.pyx", line 57, in h5py._objects.with_phil.wrapper
  File "h5py/h5f.pyx", line 102, in h5py.h5f.open
FileNotFoundError: [Errno 2] Unable to synchronously open file (unable to open file: name = 'dataset/DLPFC/{sample}/filtered_feature_bc_matrix.h5', errno = 2, error message = 'No such file or directory', flags = 0, o_flags = 0)

During handling of the above exception, another exception occurred:

Traceback (most recent call last):
  File "/home/bio/lhz/spatialGDC/_tmp_exp_dimension_sweep_ema.py", line 82, in <module>
    results.append({{"Sample": sample, "ARI": "Error", "NMI": "Error", "Spots": "N/A", "Clusters": "N/A"}})
TypeError: unhashable type: 'dict'

\n[2a] E2: Temperature = 0.5

{'='*50}
Temp0.5: {sample}
{'='*50}
--- 正在从 ./dataset/DLPFC/{sample}/ 加载数据 ---

ERROR (rc={result.returncode}):
 in __init__
    fid = make_fid(name, mode, userblock_size, fapl, fcpl, swmr=swmr)
  File "/home/bio/miniconda3/envs/spCLUE/lib/python3.9/site-packages/h5py/_hl/files.py", line 238, in make_fid
    fid = h5f.open(name, flags, fapl=fapl)
  File "h5py/_objects.pyx", line 56, in h5py._objects.with_phil.wrapper
  File "h5py/_objects.pyx", line 57, in h5py._objects.with_phil.wrapper
  File "h5py/h5f.pyx", line 102, in h5py.h5f.open
FileNotFoundError: [Errno 2] Unable to synchronously open file (unable to open file: name = 'dataset/DLPFC/{sample}/filtered_feature_bc_matrix.h5', errno = 2, error message = 'No such file or directory', flags = 0, o_flags = 0)

During handling of the above exception, another exception occurred:

Traceback (most recent call last):
  File "/home/bio/lhz/spatialGDC/_tmp_exp_dimension_sweep_temp_0_5.py", line 82, in <module>
    results.append({{"Sample": sample, "ARI": "Error", "NMI": "Error", "Spots": "N/A", "Clusters": "N/A"}})
TypeError: unhashable type: 'dict'

\n[2b] E2: Temperature = 0.7

{'='*50}
Temp0.7: {sample}
{'='*50}
--- 正在从 ./dataset/DLPFC/{sample}/ 加载数据 ---

ERROR (rc={result.returncode}):
 in __init__
    fid = make_fid(name, mode, userblock_size, fapl, fcpl, swmr=swmr)
  File "/home/bio/miniconda3/envs/spCLUE/lib/python3.9/site-packages/h5py/_hl/files.py", line 238, in make_fid
    fid = h5f.open(name, flags, fapl=fapl)
  File "h5py/_objects.pyx", line 56, in h5py._objects.with_phil.wrapper
  File "h5py/_objects.pyx", line 57, in h5py._objects.with_phil.wrapper
  File "h5py/h5f.pyx", line 102, in h5py.h5f.open
FileNotFoundError: [Errno 2] Unable to synchronously open file (unable to open file: name = 'dataset/DLPFC/{sample}/filtered_feature_bc_matrix.h5', errno = 2, error message = 'No such file or directory', flags = 0, o_flags = 0)

During handling of the above exception, another exception occurred:

Traceback (most recent call last):
  File "/home/bio/lhz/spatialGDC/_tmp_exp_dimension_sweep_temp_0_7.py", line 82, in <module>
    results.append({{"Sample": sample, "ARI": "Error", "NMI": "Error", "Spots": "N/A", "Clusters": "N/A"}})
TypeError: unhashable type: 'dict'

\n[3] E3: Denoising Recon

{'='*50}
Denoising: {sample}
{'='*50}
--- 正在从 ./dataset/DLPFC/{sample}/ 加载数据 ---

ERROR (rc={result.returncode}):
in __init__
    fid = make_fid(name, mode, userblock_size, fapl, fcpl, swmr=swmr)
  File "/home/bio/miniconda3/envs/spCLUE/lib/python3.9/site-packages/h5py/_hl/files.py", line 238, in make_fid
    fid = h5f.open(name, flags, fapl=fapl)
  File "h5py/_objects.pyx", line 56, in h5py._objects.with_phil.wrapper
  File "h5py/_objects.pyx", line 57, in h5py._objects.with_phil.wrapper
  File "h5py/h5f.pyx", line 102, in h5py.h5f.open
FileNotFoundError: [Errno 2] Unable to synchronously open file (unable to open file: name = 'dataset/DLPFC/{sample}/filtered_feature_bc_matrix.h5', errno = 2, error message = 'No such file or directory', flags = 0, o_flags = 0)

During handling of the above exception, another exception occurred:

Traceback (most recent call last):
  File "/home/bio/lhz/spatialGDC/_tmp_exp_dimension_sweep_denoising.py", line 82, in <module>
    results.append({{"Sample": sample, "ARI": "Error", "NMI": "Error", "Spots": "N/A", "Clusters": "N/A"}})
TypeError: unhashable type: 'dict'

\n============================================================
SWEEP COMPLETE — Summary
============================================================
  Baseline: MISSING
  EMA: MISSING
  Temp τ=0.5: MISSING
  Temp τ=0.7: MISSING
  Denoising: MISSING
\nBackups: dimension_sweep_backup_0521_1547
