Backed up to dimension_sweep_backup_0521_1544
\n============================================================
DIMENSION SWEEP — spatialGDC
============================================================
\n[0] BASELINE

ERROR (rc={result.returncode}):
Traceback (most recent call last):
  File "/home/bio/lhz/spatialGDC/_tmp_exp_dimension_sweep_baseline.py", line 25, in <module>
    print(f"\n{'='*50}\n{label}: {sample}\n{'='*50}")
NameError: name 'label' is not defined

\n[1] E1: EMA

ERROR (rc={result.returncode}):
Traceback (most recent call last):
  File "/home/bio/lhz/spatialGDC/_tmp_exp_dimension_sweep_ema.py", line 25, in <module>
    print(f"\n{'='*50}\n{label}: {sample}\n{'='*50}")
NameError: name 'label' is not defined

\n[2a] E2: Temperature = 0.5

ERROR (rc={result.returncode}):
Traceback (most recent call last):
  File "/home/bio/lhz/spatialGDC/_tmp_exp_dimension_sweep_temp_0_5.py", line 25, in <module>
    print(f"\n{'='*50}\n{label}: {sample}\n{'='*50}")
NameError: name 'label' is not defined

\n[2b] E2: Temperature = 0.7

ERROR (rc={result.returncode}):
Traceback (most recent call last):
  File "/home/bio/lhz/spatialGDC/_tmp_exp_dimension_sweep_temp_0_7.py", line 25, in <module>
    print(f"\n{'='*50}\n{label}: {sample}\n{'='*50}")
NameError: name 'label' is not defined

\n[3] E3: Denoising Recon

ERROR (rc={result.returncode}):
Traceback (most recent call last):
  File "/home/bio/lhz/spatialGDC/_tmp_exp_dimension_sweep_denoising.py", line 25, in <module>
    print(f"\n{'='*50}\n{label}: {sample}\n{'='*50}")
NameError: name 'label' is not defined

\n============================================================
SWEEP COMPLETE — Summary
============================================================
  Baseline: MISSING
  EMA: MISSING
  Temp τ=0.5: MISSING
  Temp τ=0.7: MISSING
  Denoising: MISSING
\nBackups: dimension_sweep_backup_0521_1544
